// Jest Snapshot v1, https://goo.gl/fbAQLP

exports[`Content renders correctly 1`] = `
<div
  className="content"
>
  <h1
    className="content__title"
  >
    test
  </h1>
  <div
    className="content__body"
    dangerouslySetInnerHTML={
      Object {
        "__html": "<p>test</p>",
      }
    }
  />
  <iframe
    frameborder="0"
    height="500"
    src="undefined?v=8.3.0&autoplay=0&hide_list=1"
    width="100%"
  />
</div>
`;
