// Jest Snapshot v1, https://goo.gl/fbAQLP

exports[`Post renders correctly 1`] = `
<div
  className="post"
>
  <a
    className="post__home-button"
    href="/"
  >
    بازگشت
  </a>
  <div
    className="post__content"
  >
    <h1
      className="post__title"
    >
      test
    </h1>
    <div
      className="content"
    >
      <div
        className="content__card"
      >
        <span
          className="content__cardtitle"
        >
          پادکست
        </span>
        <img
          className="content__cover"
          src="/media/covers/undefined/banner.jpg"
        />
        <iframe
          frameBorder="0"
          height="100%"
          scrolling="no"
          src="https://anchor.fm/sinata/embed/episodesundefined"
          style={
            Object {
              "height": "100px",
            }
          }
          width="100%"
        />
      </div>
      <div
        className="content__card"
      >
        <span
          className="content__cardtitle"
        >
          وادکست
        </span>
      </div>
      <div
        className="content__card"
      >
        <span
          className="content__cardtitle"
        >
          متن قسمت
        </span>
        <div
          className="content__body"
          dangerouslySetInnerHTML={
            Object {
              "__html": "<p>test</p>",
            }
          }
        />
      </div>
    </div>
  </div>
  <div
    className="post__footer"
  >
    <div
      className="tags"
    >
      <ul
        className="tags__list"
      >
        <li
          className="tags__list-item"
        >
          <a
            className="tags__list-item-link"
            href="/test_0"
          >
            test_0
          </a>
        </li>
        <li
          className="tags__list-item"
        >
          <a
            className="tags__list-item-link"
            href="/test_1"
          >
            test_1
          </a>
        </li>
      </ul>
    </div>
  </div>
  <div
    className="post__comments"
  />
</div>
`;
